// Jest Snapshot v1, https://goo.gl/fbAQLP

exports[`CheckoutPreview component renders unchanged 1`] = `
<div
  className="container-fluid"
>
  <h2
    className="text-light"
  >
    No Products
  </h2>
</div>
`;
