// Jest Snapshot v1, https://goo.gl/fbAQLP

exports[`CheckoutPreview component renders unchanged 1`] = `
<div
  className="container"
>
  <h2
    className="m-4"
  >
    No Products
  </h2>
</div>
`;
