// Jest Snapshot v1, https://goo.gl/fbAQLP

exports[`CheckoutForm component renders unchanged 1`] = `
<form
  className=""
  onSubmit={[Function]}
>
  <div
    className="d-flex flex-column align-items-center"
  >
    <div
      style={
        Object {
          "maxWidth": "80%",
        }
      }
    >
      <div
        className="form-row"
      >
        <h2
          className="mt-5"
        >
          Billing Information
        </h2>
        <input
          className="mt-3 form-control"
          label="name"
          name="name"
          placeholder="Jane Doe"
          required={true}
          style={
            Object {
              "border": "0",
            }
          }
          type="text"
        />
        <input
          className="mt-3 form-control"
          label="email"
          name="email"
          placeholder="jane.doe@example.com"
          required={true}
          style={
            Object {
              "border": "0",
            }
          }
          type="text"
        />
        <input
          className="mt-3 form-control"
          label="address"
          name="address"
          placeholder="185 Berry St. Suite 550"
          required={true}
          style={
            Object {
              "border": "0",
            }
          }
          type="text"
        />
        <input
          className="mt-3 form-control"
          label="city"
          name="city"
          placeholder="San Francisco"
          required={true}
          style={
            Object {
              "border": "0",
            }
          }
          type="text"
        />
        <input
          className="mt-3 form-control"
          label="state"
          name="state"
          placeholder="CA"
          required={true}
          style={
            Object {
              "border": "0",
            }
          }
          type="text"
        />
        <input
          className="my-3 form-control"
          label="zip"
          name="zip"
          placeholder="94103"
          required={true}
          style={
            Object {
              "border": "0",
            }
          }
          type="text"
        />
      </div>
    </div>
  </div>
  <div
    className="px-5 py-2"
    style={
      Object {
        "backgroundColor": "none !important",
        "border": "0",
      }
    }
  >
    <div />
  </div>
  <button
    className="my-4 mx-5 btn-outline-dark btn"
    type="submit"
  >
    Pay $undefined USD
  </button>
</form>
`;
