// Jest Snapshot v1, https://goo.gl/fbAQLP

exports[`Footer component renders unchanged 1`] = `
<footer>
  <div
    className="my-5 container"
  >
    <div
      className="align-items-center justify-content-center row"
    >
      <div
        className="col-lg-8 col-md-9 col-sm-12"
      >
        <h2
          className=""
          style={
            Object {
              "color": "#212529",
            }
          }
        >
          More Info
        </h2>
        <div
          className="d-flex flex-wrap"
        >
          <button
            className="btn btn-outline-dark mr-2 mt-2 lg_pill"
            id="About"
            onClick={[Function]}
            type="button"
          >
            About
          </button>
          <button
            className="btn btn-outline-dark mr-2 mt-2 lg_pill"
            id="FAQ"
            onClick={[Function]}
            type="button"
          >
            FAQ
          </button>
          <button
            className="btn btn-outline-dark mr-2 mt-2 lg_pill"
            id="Contact"
            onClick={[Function]}
            type="button"
          >
            Contact
          </button>
        </div>
      </div>
    </div>
    <div
      className="row"
    >
      <div
        className="d-flex justify-content-center col"
      >
        <h6
          className="m-5"
          style={
            Object {
              "color": "#212529",
            }
          }
        >
          Copyright 
          2020
        </h6>
      </div>
    </div>
  </div>
</footer>
`;
