// Jest Snapshot v1, https://goo.gl/fbAQLP

exports[`index renders unchanged 1`] = `
<div
  className="content"
>
  <nav
    className="justify-content-between navbar navbar-expand-lg navbar-light bg-light sticky-top"
  >
    <a
      className="navbar-brand"
      href="/"
    >
      VisionSpeaks
    </a>
    <div
      className="navbar-nav"
      onKeyDown={[Function]}
    >
      <a
        className="nav-link"
        data-rb-event-key="/checkout"
        href="/checkout"
        onClick={[Function]}
        onKeyDown={[Function]}
      >
        <img
          alt="Checkout"
          src="/cart.png"
          style={
            Object {
              "cursor": "pointer",
              "height": "15px",
            }
          }
        />
      </a>
    </div>
  </nav>
  <main>
    <div
      className="container"
    >
      <div
        className="align-items-center justify-content-center row"
      >
        <div
          className="col-lg-8 col-md-9 col-sm-12"
        >
          <h2
            className="text-light my-5"
          >
            New Arrivials
          </h2>
        </div>
      </div>
      <div
        onClick={[Function]}
        role="button"
      >
        <div
          className="align-items-center justify-content-center mb-2 align-items-center justify-content-center row"
        >
          <div
            className="col-lg-8 col-md-9 col-sm-12"
          >
            <div
              style={
                Object {
                  "backgroundColor": "#242424",
                  "borderRadius": "15px",
                }
              }
            >
              <div
                className="d-flex align-items-end justify-content-between pr-2"
                style={
                  Object {
                    "cursor": "pointer",
                  }
                }
              >
                <img
                  alt="Bunns In The Void"
                  className="product_img_prc"
                  src="/bunns_001.png"
                />
                <div
                  className="d-flex w-100 flex-column align-items-end justify-content-center text-right"
                >
                  <h5
                    className="text-light mt-3 mb-2 ellipse"
                  >
                    Bunns In The Void
                  </h5>
                  <span
                    className="text-muted mb-1"
                  >
                    $
                    2.87
                     USD
                  </span>
                </div>
              </div>
            </div>
          </div>
        </div>
      </div>
      <div
        onClick={[Function]}
        role="button"
      >
        <div
          className="align-items-center justify-content-center mb-2 align-items-center justify-content-center row"
        >
          <div
            className="col-lg-8 col-md-9 col-sm-12"
          >
            <div
              style={
                Object {
                  "backgroundColor": "#242424",
                  "borderRadius": "15px",
                }
              }
            >
              <div
                className="d-flex align-items-end justify-content-between pr-2"
                style={
                  Object {
                    "cursor": "pointer",
                  }
                }
              >
                <img
                  alt="Lady In The Void"
                  className="product_img_prc"
                  src="/lady_001.png"
                />
                <div
                  className="d-flex w-100 flex-column align-items-end justify-content-center text-right"
                >
                  <h5
                    className="text-light mt-3 mb-2 ellipse"
                  >
                    Lady In The Void
                  </h5>
                  <span
                    className="text-muted mb-1"
                  >
                    $
                    2.87
                     USD
                  </span>
                </div>
              </div>
            </div>
          </div>
        </div>
      </div>
    </div>
  </main>
  <footer>
    <div
      className="my-5 container"
    >
      <div
        className="align-items-center justify-content-center row"
      >
        <div
          className="col-lg-8 col-md-9 col-sm-12"
        >
          <h5
            className="text-light m-2"
            onClick={[Function]}
            onMouseEnter={[Function]}
            style={
              Object {
                "cursor": "pointer",
              }
            }
          >
            Contact
          </h5>
        </div>
      </div>
      <div
        className="row"
      >
        <div
          className="d-flex justify-content-center col"
        >
          <span
            className="text-light m-2"
            style={
              Object {
                "fontSize": "12px",
              }
            }
          >
            2020
          </span>
        </div>
      </div>
    </div>
  </footer>
</div>
`;
