// Jest Snapshot v1, https://goo.gl/fbAQLP

exports[`ProductPreview component renders unchanged 1`] = `
<section
  className="col-md-6 col-sm-12 bg-light pid_section"
>
  <img
    alt="view product"
    className="main_img"
  />
  <div
    className="img_previews"
  >
    <button
      className="img_preview_button"
      onClick={[Function]}
      type="button"
    >
      <img
        alt="alt product views"
        src="/path_01.png"
      />
    </button>
    <button
      className="img_preview_button"
      onClick={[Function]}
      type="button"
    >
      <img
        alt="alt product views"
        src="/path_02.png"
      />
    </button>
    <button
      className="img_preview_button"
      onClick={[Function]}
      type="button"
    >
      <img
        alt="alt product views"
        src="/path_03.png"
      />
    </button>
  </div>
</section>
`;
