// Jest Snapshot v1, https://goo.gl/fbAQLP

exports[`renders about page unchanged 1`] = `
Array [
  <nav
    className="navbar navbar-expand-lg navbar-light bg-light sticky-top"
  >
    <a
      className="navbar-brand"
      href="/"
    >
      VisionSpeaks
    </a>
    <button
      aria-controls="basic-navbar-nav"
      aria-label="Toggle navigation"
      className="navbar-toggler collapsed"
      onClick={[Function]}
      type="button"
    >
      <span
        className="navbar-toggler-icon"
      />
    </button>
    <div
      aria-expanded={null}
      className="navbar-collapse collapse"
      id="basic-navbar-nav"
    >
      <div
        className="mr-auto navbar-nav"
        onKeyDown={[Function]}
      >
        <a
          className="nav-link"
          data-rb-event-key="/"
          href="/"
          onClick={[Function]}
          onKeyDown={[Function]}
        >
          Products
        </a>
        <a
          className="nav-link"
          data-rb-event-key="/info/made-to-order"
          href="/info/made-to-order"
          onClick={[Function]}
          onKeyDown={[Function]}
        >
          Made To Order
        </a>
        <a
          className="nav-link"
          data-rb-event-key="/info/about"
          href="/info/about"
          onClick={[Function]}
          onKeyDown={[Function]}
        >
          About
        </a>
      </div>
    </div>
  </nav>,
  <div
    className="container"
    style={
      Object {
        "minHeight": "580px",
      }
    }
  >
    <div
      className="row"
    >
      <div
        className="col-lg-6 col-md-8 col-sm-10 col-12 offset-lg-3 offset-md-2 offset-sm-1"
      >
        <h1
          className="text-light mt-4"
        >
          About
        </h1>
        <p
          className="text-light"
        >
          
        VisionSpeaks is a custom art collective.
      
        </p>
      </div>
    </div>
  </div>,
  <div
    className="my-5 container-fluid"
  >
    <div
      className="row"
    >
      <div
        className="d-flex justify-content-center col"
      >
        <span
          className="text-light m-2"
          onClick={[Function]}
          onMouseEnter={[Function]}
          style={
            Object {
              "cursor": "pointer",
            }
          }
        >
          Contact
        </span>
        <span
          className="text-light m-2"
          onClick={[Function]}
          onMouseEnter={[Function]}
          style={
            Object {
              "cursor": "pointer",
            }
          }
        >
          FAQ
        </span>
      </div>
    </div>
    <div
      className="row"
    >
      <div
        className="d-flex justify-content-center col"
      >
        <span
          className="text-light m-2"
          style={
            Object {
              "fontSize": "12px",
            }
          }
        >
          2020
        </span>
      </div>
    </div>
  </div>,
]
`;

exports[`renders homepage unchanged 1`] = `
<div>
  Hello
</div>
`;
