// Jest Snapshot v1, https://goo.gl/fbAQLP

exports[`Loading component renders unchanged 1`] = `
<div
  className="spinner-grow text-warning"
/>
`;
