// Jest Snapshot v1, https://goo.gl/fbAQLP

exports[`SlimWrapper component renders unchanged 1`] = `
<div
  className="row"
>
  <div
    className="col-lg-4 col-md-6 col-sm-8 col-10 offset-lg-4 offset-md-3 offset-sm-2 offset-1"
  >
    Hello, World!
  </div>
</div>
`;
