// Jest Snapshot v1, https://goo.gl/fbAQLP

exports[`SubmitButton component renders unchanged 1`] = `
<button
  className="btn btn-outline-light align-self-end mt-3"
  type="submit"
>
  Submit
</button>
`;
