// Jest Snapshot v1, https://goo.gl/fbAQLP

exports[`TextWrapper component renders unchanged 1`] = `
<div
  className="row"
>
  <div
    className="col-lg-6 col-md-8 col-sm-10 col-12 offset-lg-3 offset-md-2 offset-sm-1"
  >
    <h1>
      Hello World
    </h1>
  </div>
</div>
`;
